Godot Engine v4.6.2.stable.official.71f334935 - https://godotengine.org

SCRIPT ERROR: Parse Error: Class "ColonyManager" hides an autoload singleton.
   at: GDScript::reload (res://autoloads/colony_manager.gd:2)
ERROR: Failed to load script "res://autoloads/colony_manager.gd" with error "Parse error".
   at: load (modules/gdscript/gdscript.cpp:2907)
ERROR: Failed to instantiate an autoload, script 'res://autoloads/colony_manager.gd' does not inherit from 'Node'.
   at: start (main/main.cpp:4412)
[ProducerData] Loaded 2 drones, 8 upgrades, 4 ship parts.
[SaveManager] Debug mode — skipping save load.
[AudioManager] Ready. SFX pool: 8 players.
[SaveManager] Save files deleted.
==================================================
 VoidYield Test Runner
  update_golden = false
  filter        = ''
  unit / e2e    = true / false
==================================================

▶ test_audio_manager
  ✓ test_audio_manager_autoload_exists
  ✓ test_get_music_volume_returns_clamped_value
  ✓ test_get_sfx_volume_returns_clamped_value
  ✓ test_music_bus_exists
  ✓ test_play_music_with_null_stops_music
  ✓ test_play_sfx_with_null_does_not_crash
  ✓ test_set_music_volume_clamps_to_valid_range
  ✓ test_set_sfx_volume_clamps_to_valid_range
  ✓ test_sfx_bus_exists

▶ test_cargo_drone
  ✓ test_deliver_correct_amount
  ✓ test_deliver_resets_to_zero
  ✓ test_initial_zero
  ✓ test_pickup_capped
  ✓ test_pickup_fills
  ✓ test_pickup_returns_actual

▶ test_colony_manager
SCRIPT ERROR: Invalid call. Nonexistent function 'new' in base 'Nil'.
   at: test_add_housing_advanced_module (res://tests/unit/test_colony_manager.gd:216)
   GDScript backtrace (most recent call first):
       [0] test_add_housing_advanced_module (res://tests/unit/test_colony_manager.gd:216)
       [1] _run_suite (res://tests/framework/test_runner.gd:141)
  ✓ test_add_housing_advanced_module
SCRIPT ERROR: Invalid call. Nonexistent function 'new' in base 'Nil'.
   at: test_add_housing_basic_module (res://tests/unit/test_colony_manager.gd:202)
   GDScript backtrace (most recent call first):
       [0] test_add_housing_basic_module (res://tests/unit/test_colony_manager.gd:202)
       [1] _run_suite (res://tests/framework/test_runner.gd:141)
  ✓ test_add_housing_basic_module
SCRIPT ERROR: Invalid call. Nonexistent function 'new' in base 'Nil'.
   at: test_add_housing_standard_module (res://tests/unit/test_colony_manager.gd:210)
   GDScript backtrace (most recent call first):
       [0] test_add_housing_standard_module (res://tests/unit/test_colony_manager.gd:210)
       [1] _run_suite (res://tests/framework/test_runner.gd:141)
  ✓ test_add_housing_standard_module
SCRIPT ERROR: Invalid call. Nonexistent function 'new' in base 'Nil'.
   at: test_growth_timer_resets_after_trigger (res://tests/unit/test_colony_manager.gd:58)
   GDScript backtrace (most recent call first):
       [0] test_growth_timer_resets_after_trigger (res://tests/unit/test_colony_manager.gd:58)
       [1] _run_suite (res://tests/framework/test_runner.gd:141)
  ✓ test_growth_timer_resets_after_trigger
SCRIPT ERROR: Invalid call. Nonexistent function 'new' in base 'Nil'.
   at: test_growth_triggers_after_90s_with_needs_met (res://tests/unit/test_colony_manager.gd:35)
   GDScript backtrace (most recent call first):
       [0] test_growth_triggers_after_90s_with_needs_met (res://tests/unit/test_colony_manager.gd:35)
       [1] _run_suite (res://tests/framework/test_runner.gd:141)
  ✓ test_growth_triggers_after_90s_with_needs_met
SCRIPT ERROR: Invalid call. Nonexistent function 'new' in base 'Nil'.
   at: test_initial_housing_capacity (res://tests/unit/test_colony_manager.gd:15)
   GDScript backtrace (most recent call first):
       [0] test_initial_housing_capacity (res://tests/unit/test_colony_manager.gd:15)
       [1] _run_suite (res://tests/framework/test_runner.gd:141)
  ✓ test_initial_housing_capacity
SCRIPT ERROR: Invalid call. Nonexistent function 'new' in base 'Nil'.
   at: test_initial_morale (res://tests/unit/test_colony_manager.gd:28)
   GDScript backtrace (most recent call first):
       [0] test_initial_morale (res://tests/unit/test_colony_manager.gd:28)
       [1] _run_suite (res://tests/framework/test_runner.gd:141)
  ✓ test_initial_morale
SCRIPT ERROR: Invalid call. Nonexistent function 'new' in base 'Nil'.
   at: test_initial_needs_unmet (res://tests/unit/test_colony_manager.gd:20)
   GDScript backtrace (most recent call first):
       [0] test_initial_needs_unmet (res://tests/unit/test_colony_manager.gd:20)
       [1] _run_suite (res://tests/framework/test_runner.gd:141)
  ✓ test_initial_needs_unmet
SCRIPT ERROR: Invalid call. Nonexistent function 'new' in base 'Nil'.
   at: test_luxury_goods_adds_morale_bonus (res://tests/unit/test_colony_manager.gd:174)
   GDScript backtrace (most recent call first):
       [0] test_luxury_goods_adds_morale_bonus (res://tests/unit/test_colony_manager.gd:174)
       [1] _run_suite (res://tests/framework/test_runner.gd:141)
  ✓ test_luxury_goods_adds_morale_bonus
SCRIPT ERROR: Invalid call. Nonexistent function 'new' in base 'Nil'.
   at: test_morale_0_3_when_two_basic_needs_unmet (res://tests/unit/test_colony_manager.gd:167)
   GDScript backtrace (most recent call first):
       [0] test_morale_0_3_when_two_basic_needs_unmet (res://tests/unit/test_colony_manager.gd:167)
       [1] _run_suite (res://tests/framework/test_runner.gd:141)
  ✓ test_morale_0_3_when_two_basic_needs_unmet
SCRIPT ERROR: Invalid call. Nonexistent function 'new' in base 'Nil'.
   at: test_morale_0_6_when_one_basic_need_unmet (res://tests/unit/test_colony_manager.gd:159)
   GDScript backtrace (most recent call first):
       [0] test_morale_0_6_when_one_basic_need_unmet (res://tests/unit/test_colony_manager.gd:159)
       [1] _run_suite (res://tests/framework/test_runner.gd:141)
  ✓ test_morale_0_6_when_one_basic_need_unmet
SCRIPT ERROR: Invalid call. Nonexistent function 'new' in base 'Nil'.
   at: test_morale_changed_signal_fires (res://tests/unit/test_colony_manager.gd:185)
   GDScript backtrace (most recent call first):
       [0] test_morale_changed_signal_fires (res://tests/unit/test_colony_manager.gd:185)
       [1] _run_suite (res://tests/framework/test_runner.gd:141)
  ✓ test_morale_changed_signal_fires
SCRIPT ERROR: Invalid call. Nonexistent function 'new' in base 'Nil'.
   at: test_morale_full_when_all_basic_needs_met (res://tests/unit/test_colony_manager.gd:151)
   GDScript backtrace (most recent call first):
       [0] test_morale_full_when_all_basic_needs_met (res://tests/unit/test_colony_manager.gd:151)
       [1] _run_suite (res://tests/framework/test_runner.gd:141)
  ✓ test_morale_full_when_all_basic_needs_met
SCRIPT ERROR: Invalid call. Nonexistent function 'new' in base 'Nil'.
   at: test_morale_zero_when_all_basic_needs_unmet (res://tests/unit/test_colony_manager.gd:145)
   GDScript backtrace (most recent call first):
       [0] test_morale_zero_when_all_basic_needs_unmet (res://tests/unit/test_colony_manager.gd:145)
       [1] _run_suite (res://tests/framework/test_runner.gd:141)
  ✓ test_morale_zero_when_all_basic_needs_unmet
SCRIPT ERROR: Invalid call. Nonexistent function 'new' in base 'Nil'.
   at: test_needs_changed_signal_fires (res://tests/unit/test_colony_manager.gd:125)
   GDScript backtrace (most recent call first):
       [0] test_needs_changed_signal_fires (res://tests/unit/test_colony_manager.gd:125)
       [1] _run_suite (res://tests/framework/test_runner.gd:141)
  ✓ test_needs_changed_signal_fires
SCRIPT ERROR: Invalid call. Nonexistent function 'new' in base 'Nil'.
   at: test_no_growth_at_housing_capacity (res://tests/unit/test_colony_manager.gd:102)
   GDScript backtrace (most recent call first):
       [0] test_no_growth_at_housing_capacity (res://tests/unit/test_colony_manager.gd:102)
       [1] _run_suite (res://tests/framework/test_runner.gd:141)
  ✓ test_no_growth_at_housing_capacity
SCRIPT ERROR: Invalid call. Nonexistent function 'new' in base 'Nil'.
   at: test_no_growth_when_food_unmet (res://tests/unit/test_colony_manager.gd:82)
   GDScript backtrace (most recent call first):
       [0] test_no_growth_when_food_unmet (res://tests/unit/test_colony_manager.gd:82)
       [1] _run_suite (res://tests/framework/test_runner.gd:141)
  ✓ test_no_growth_when_food_unmet
SCRIPT ERROR: Invalid call. Nonexistent function 'new' in base 'Nil'.
   at: test_no_growth_when_power_unmet (res://tests/unit/test_colony_manager.gd:92)
   GDScript backtrace (most recent call first):
       [0] test_no_growth_when_power_unmet (res://tests/unit/test_colony_manager.gd:92)
       [1] _run_suite (res://tests/framework/test_runner.gd:141)
  ✓ test_no_growth_when_power_unmet
SCRIPT ERROR: Invalid call. Nonexistent function 'new' in base 'Nil'.
   at: test_no_growth_when_water_unmet (res://tests/unit/test_colony_manager.gd:72)
   GDScript backtrace (most recent call first):
       [0] test_no_growth_when_water_unmet (res://tests/unit/test_colony_manager.gd:72)
       [1] _run_suite (res://tests/framework/test_runner.gd:141)
  ✓ test_no_growth_when_water_unmet
SCRIPT ERROR: Invalid call. Nonexistent function 'new' in base 'Nil'.
   at: test_roundtrip_serialization (res://tests/unit/test_colony_manager.gd:224)
   GDScript backtrace (most recent call first):
       [0] test_roundtrip_serialization (res://tests/unit/test_colony_manager.gd:224)
       [1] _run_suite (res://tests/framework/test_runner.gd:141)
  ✓ test_roundtrip_serialization
SCRIPT ERROR: Invalid call. Nonexistent function 'new' in base 'Nil'.
   at: test_set_need_updates_state (res://tests/unit/test_colony_manager.gd:117)
   GDScript backtrace (most recent call first):
       [0] test_set_need_updates_state (res://tests/unit/test_colony_manager.gd:117)
       [1] _run_suite (res://tests/framework/test_runner.gd:141)
  ✓ test_set_need_updates_state
SCRIPT ERROR: Invalid call. Nonexistent function 'new' in base 'Nil'.
   at: test_starts_with_4_pioneers (res://tests/unit/test_colony_manager.gd:10)
   GDScript backtrace (most recent call first):
       [0] test_starts_with_4_pioneers (res://tests/unit/test_colony_manager.gd:10)
       [1] _run_suite (res://tests/framework/test_runner.gd:141)
  ✓ test_starts_with_4_pioneers
SCRIPT ERROR: Parse Error: Identifier "DepositNode" not declared in the current scope.
   at: GDScript::reload (res://tests/unit/test_deposit_node.gd:10)
   GDScript backtrace (most recent call first):
       [0] _run_suite (res://tests/framework/test_runner.gd:95)
       [1] run (res://tests/framework/test_runner.gd:48)
       [2] _run_suite (res://tests/framework/test_runner.gd:162)
SCRIPT ERROR: Parse Error: Identifier "DepositNode" not declared in the current scope.
   at: GDScript::reload (res://tests/unit/test_deposit_node.gd:17)
   GDScript backtrace (most recent call first):
       [0] _run_suite (res://tests/framework/test_runner.gd:95)
       [1] run (res://tests/framework/test_runner.gd:48)
       [2] _run_suite (res://tests/framework/test_runner.gd:162)
SCRIPT ERROR: Parse Error: Identifier "DepositNode" not declared in the current scope.
   at: GDScript::reload (res://tests/unit/test_deposit_node.gd:29)
   GDScript backtrace (most recent call first):
       [0] _run_suite (res://tests/framework/test_runner.gd:95)
       [1] run (res://tests/framework/test_runner.gd:48)
       [2] _run_suite (res://tests/framework/test_runner.gd:162)
SCRIPT ERROR: Parse Error: Identifier "DepositNode" not declared in the current scope.
   at: GDScript::reload (res://tests/unit/test_deposit_node.gd:36)
   GDScript backtrace (most recent call first):
       [0] _run_suite (res://tests/framework/test_runner.gd:95)
       [1] run (res://tests/framework/test_runner.gd:48)
       [2] _run_suite (res://tests/framework/test_runner.gd:162)
SCRIPT ERROR: Parse Error: Identifier "DepositNode" not declared in the current scope.
   at: GDScript::reload (res://tests/unit/test_deposit_node.gd:42)
   GDScript backtrace (most recent call first):
       [0] _run_suite (res://tests/framework/test_runner.gd:95)
       [1] run (res://tests/framework/test_runner.gd:48)
       [2] _run_suite (res://tests/framework/test_runner.gd:162)
SCRIPT ERROR: Parse Error: Identifier "DepositNode" not declared in the current scope.
   at: GDScript::reload (res://tests/unit/test_deposit_node.gd:60)
   GDScript backtrace (most recent call first):
       [0] _run_suite (res://tests/framework/test_runner.gd:95)
       [1] run (res://tests/framework/test_runner.gd:48)
       [2] _run_suite (res://tests/framework/test_runner.gd:162)
SCRIPT ERROR: Parse Error: Identifier "DepositNode" not declared in the current scope.
   at: GDScript::reload (res://tests/unit/test_deposit_node.gd:66)
   GDScript backtrace (most recent call first):
       [0] _run_suite (res://tests/framework/test_runner.gd:95)
       [1] run (res://tests/framework/test_runner.gd:48)
       [2] _run_suite (res://tests/framework/test_runner.gd:162)
SCRIPT ERROR: Parse Error: Identifier "DepositNode" not declared in the current scope.
   at: GDScript::reload (res://tests/unit/test_deposit_node.gd:72)
   GDScript backtrace (most recent call first):
       [0] _run_suite (res://tests/framework/test_runner.gd:95)
       [1] run (res://tests/framework/test_runner.gd:48)
       [2] _run_suite (res://tests/framework/test_runner.gd:162)
SCRIPT ERROR: Parse Error: Identifier "DepositNode" not declared in the current scope.
   at: GDScript::reload (res://tests/unit/test_deposit_node.gd:78)
   GDScript backtrace (most recent call first):
       [0] _run_suite (res://tests/framework/test_runner.gd:95)
       [1] run (res://tests/framework/test_runner.gd:48)
       [2] _run_suite (res://tests/framework/test_runner.gd:162)
SCRIPT ERROR: Parse Error: Identifier "DepositNode" not declared in the current scope.
   at: GDScript::reload (res://tests/unit/test_deposit_node.gd:86)
   GDScript backtrace (most recent call first):
       [0] _run_suite (res://tests/framework/test_runner.gd:95)
       [1] run (res://tests/framework/test_runner.gd:48)
       [2] _run_suite (res://tests/framework/test_runner.gd:162)
ERROR: Failed to load script "res://tests/unit/test_deposit_node.gd" with error "Parse error".
   at: load (modules/gdscript/gdscript.cpp:2907)
   GDScript backtrace (most recent call first):
       [0] _run_suite (res://tests/framework/test_runner.gd:95)
       [1] run (res://tests/framework/test_runner.gd:48)
       [2] _run_suite (res://tests/framework/test_runner.gd:162)
SCRIPT ERROR: Invalid call. Nonexistent function 'new' in base 'GDScript'.
   at: TestRunner._run_suite (res://tests/framework/test_runner.gd:99)
   GDScript backtrace (most recent call first):
       [0] _run_suite (res://tests/framework/test_runner.gd:99)
       [1] run (res://tests/framework/test_runner.gd:48)
       [2] _run_suite (res://tests/framework/test_runner.gd:162)

▶ test_drone_task_queue
  ✓ test_assign_empty_returns_empty_dict
  ✓ test_assign_highest_priority
  ✓ test_assign_moves_to_active
  ✓ test_assigned_signal
  ✓ test_cancel_for_target_removes_all
  ✓ test_complete_removes_from_active
  ✓ test_completed_signal
  ✓ test_enqueue_adds_task

▶ test_game_state
  ✓ test_add_to_inventory_respects_capacity
  ✓ test_add_to_inventory_tracks_subtypes
  ✓ test_buy_resource_to_storage_limited_by_credits_and_space
  ✓ test_can_craft_ship_part_requires_materials_and_credits
  ✓ test_craft_ship_part_consumes_materials
  ✓ test_credits_changed_signal_fires_on_sale
  ✓ test_drone_deploy_limit
  ✓ test_dump_inventory_to_storage_transfers_within_space
  ✓ test_is_ship_ready_requires_all_four_parts
  ✓ test_purchase_upgrade_applies_effect
  ✓ test_save_and_load_roundtrips_state
  ✓ test_scaling_upgrade_doubles_cost_each_level
  ✓ test_sell_all_carried
  ✗ test_sell_all_ore_drains_pool_and_inventory
      └ includes double-counted carried credits — see NOTE — expected 22  got 19
  ✓ test_sell_resource_computes_credits_and_clears_subtype
  ✓ test_sell_resource_rejects_amount_zero_or_negative
  ✓ test_spend_credits_rejects_when_insufficient

▶ test_game_state_reset
  ✓ test_reset_clears_all_carried_ore
  ✓ test_reset_clears_all_ship_parts
  ✓ test_reset_clears_credits
  ✓ test_reset_clears_purchased_upgrades
  ✓ test_reset_clears_scrap_metal
  ✓ test_reset_clears_storage_pool
  ✓ test_reset_emits_credits_changed_with_zero
  ✓ test_reset_emits_inventory_changed
  ✓ test_reset_emits_storage_changed
  ✓ test_reset_is_idempotent
  ✓ test_reset_keeps_starting_buildings_only
  ✓ test_reset_restores_default_carry_capacity
  ✓ test_reset_restores_default_fleet_size
  ✓ test_reset_restores_default_mine_time
  ✓ test_reset_restores_default_move_speed
  ✓ test_reset_restores_default_planet
  ✓ test_reset_then_get_save_data_gives_defaults
SCRIPT ERROR: Parse Error: Identifier "NumberFormat" not declared in the current scope.
   at: GDScript::reload (res://tests/unit/test_number_format.gd:5)
   GDScript backtrace (most recent call first):
       [0] _run_suite (res://tests/framework/test_runner.gd:95)
       [1] run (res://tests/framework/test_runner.gd:48)
       [2] _run_suite (res://tests/framework/test_runner.gd:162)
SCRIPT ERROR: Parse Error: Identifier "NumberFormat" not declared in the current scope.
   at: GDScript::reload (res://tests/unit/test_number_format.gd:6)
   GDScript backtrace (most recent call first):
       [0] _run_suite (res://tests/framework/test_runner.gd:95)
       [1] run (res://tests/framework/test_runner.gd:48)
       [2] _run_suite (res://tests/framework/test_runner.gd:162)
SCRIPT ERROR: Parse Error: Identifier "NumberFormat" not declared in the current scope.
   at: GDScript::reload (res://tests/unit/test_number_format.gd:7)
   GDScript backtrace (most recent call first):
       [0] _run_suite (res://tests/framework/test_runner.gd:95)
       [1] run (res://tests/framework/test_runner.gd:48)
       [2] _run_suite (res://tests/framework/test_runner.gd:162)
SCRIPT ERROR: Parse Error: Identifier "NumberFormat" not declared in the current scope.
   at: GDScript::reload (res://tests/unit/test_number_format.gd:8)
   GDScript backtrace (most recent call first):
       [0] _run_suite (res://tests/framework/test_runner.gd:95)
       [1] run (res://tests/framework/test_runner.gd:48)
       [2] _run_suite (res://tests/framework/test_runner.gd:162)
SCRIPT ERROR: Parse Error: Identifier "NumberFormat" not declared in the current scope.
   at: GDScript::reload (res://tests/unit/test_number_format.gd:12)
   GDScript backtrace (most recent call first):
       [0] _run_suite (res://tests/framework/test_runner.gd:95)
       [1] run (res://tests/framework/test_runner.gd:48)
       [2] _run_suite (res://tests/framework/test_runner.gd:162)
SCRIPT ERROR: Parse Error: Identifier "NumberFormat" not declared in the current scope.
   at: GDScript::reload (res://tests/unit/test_number_format.gd:16)
   GDScript backtrace (most recent call first):
       [0] _run_suite (res://tests/framework/test_runner.gd:95)
       [1] run (res://tests/framework/test_runner.gd:48)
       [2] _run_suite (res://tests/framework/test_runner.gd:162)
SCRIPT ERROR: Parse Error: Identifier "NumberFormat" not declared in the current scope.
   at: GDScript::reload (res://tests/unit/test_number_format.gd:20)
   GDScript backtrace (most recent call first):
       [0] _run_suite (res://tests/framework/test_runner.gd:95)
       [1] run (res://tests/framework/test_runner.gd:48)
       [2] _run_suite (res://tests/framework/test_runner.gd:162)
SCRIPT ERROR: Parse Error: Identifier "NumberFormat" not declared in the current scope.
   at: GDScript::reload (res://tests/unit/test_number_format.gd:21)
   GDScript backtrace (most recent call first):
       [0] _run_suite (res://tests/framework/test_runner.gd:95)
       [1] run (res://tests/framework/test_runner.gd:48)
       [2] _run_suite (res://tests/framework/test_runner.gd:162)
SCRIPT ERROR: Parse Error: Identifier "NumberFormat" not declared in the current scope.
   at: GDScript::reload (res://tests/unit/test_number_format.gd:26)
   GDScript backtrace (most recent call first):
       [0] _run_suite (res://tests/framework/test_runner.gd:95)
       [1] run (res://tests/framework/test_runner.gd:48)
       [2] _run_suite (res://tests/framework/test_runner.gd:162)
SCRIPT ERROR: Parse Error: Identifier "NumberFormat" not declared in the current scope.
   at: GDScript::reload (res://tests/unit/test_number_format.gd:27)
   GDScript backtrace (most recent call first):
       [0] _run_suite (res://tests/framework/test_runner.gd:95)
       [1] run (res://tests/framework/test_runner.gd:48)
       [2] _run_suite (res://tests/framework/test_runner.gd:162)
SCRIPT ERROR: Parse Error: Identifier "NumberFormat" not declared in the current scope.
   at: GDScript::reload (res://tests/unit/test_number_format.gd:31)
   GDScript backtrace (most recent call first):
       [0] _run_suite (res://tests/framework/test_runner.gd:95)
       [1] run (res://tests/framework/test_runner.gd:48)
       [2] _run_suite (res://tests/framework/test_runner.gd:162)
SCRIPT ERROR: Parse Error: Identifier "NumberFormat" not declared in the current scope.
   at: GDScript::reload (res://tests/unit/test_number_format.gd:32)
   GDScript backtrace (most recent call first):
       [0] _run_suite (res://tests/framework/test_runner.gd:95)
       [1] run (res://tests/framework/test_runner.gd:48)
       [2] _run_suite (res://tests/framework/test_runner.gd:162)
SCRIPT ERROR: Parse Error: Identifier "NumberFormat" not declared in the current scope.
   at: GDScript::reload (res://tests/unit/test_number_format.gd:36)
   GDScript backtrace (most recent call first):
       [0] _run_suite (res://tests/framework/test_runner.gd:95)
       [1] run (res://tests/framework/test_runner.gd:48)
       [2] _run_suite (res://tests/framework/test_runner.gd:162)
SCRIPT ERROR: Parse Error: Identifier "NumberFormat" not declared in the current scope.
   at: GDScript::reload (res://tests/unit/test_number_format.gd:37)
   GDScript backtrace (most recent call first):
       [0] _run_suite (res://tests/framework/test_runner.gd:95)
       [1] run (res://tests/framework/test_runner.gd:48)
       [2] _run_suite (res://tests/framework/test_runner.gd:162)
SCRIPT ERROR: Parse Error: Identifier "NumberFormat" not declared in the current scope.
   at: GDScript::reload (res://tests/unit/test_number_format.gd:38)
   GDScript backtrace (most recent call first):
       [0] _run_suite (res://tests/framework/test_runner.gd:95)
       [1] run (res://tests/framework/test_runner.gd:48)
       [2] _run_suite (res://tests/framework/test_runner.gd:162)
ERROR: Failed to load script "res://tests/unit/test_number_format.gd" with error "Parse error".
   at: load (modules/gdscript/gdscript.cpp:2907)
   GDScript backtrace (most recent call first):
       [0] _run_suite (res://tests/framework/test_runner.gd:95)
       [1] run (res://tests/framework/test_runner.gd:48)
       [2] _run_suite (res://tests/framework/test_runner.gd:162)
SCRIPT ERROR: Invalid call. Nonexistent function 'new' in base 'GDScript'.
   at: TestRunner._run_suite (res://tests/framework/test_runner.gd:99)
   GDScript backtrace (most recent call first):
       [0] _run_suite (res://tests/framework/test_runner.gd:99)
       [1] run (res://tests/framework/test_runner.gd:48)
       [2] _run_suite (res://tests/framework/test_runner.gd:162)

▶ test_ore_quality_lot
  ✓ test_ber_output_formula
  ✓ test_ber_output_zero_concentration
  ✓ test_generate_clamps_to_1000_max
  ✓ test_generate_clamps_to_1_min
  ✓ test_generate_rich_tier_mean_in_range
  ✓ test_grade_A_when_er_gte_800
  ✓ test_grade_F_when_er_lt_200
  ✓ test_grade_boundaries
  ✓ test_roundtrip_serialisation

▶ test_planet_unlock
  ✓ test_asteroid_a1_starts_unlocked
  ✓ test_planet_b_starts_unlocked
  ✓ test_planet_unlocked_signal_fires_with_correct_id
  ✓ test_planet_unlocked_signal_not_emitted_if_already_unlocked
  ✓ test_reset_clears_visited_planets
  ✓ test_reset_restores_default_unlocked_planets
  ✓ test_save_load_preserves_unlocked_planets
  ✓ test_save_load_preserves_visited_planets
  ✓ test_try_unlock_planet_returns_false_when_already_unlocked
  ✓ test_try_unlock_planet_returns_false_when_conditions_not_met
  ✓ test_try_unlock_planet_returns_true_when_conditions_met
  ✓ test_unknown_a3_starts_locked
  ✓ test_visiting_a1_adds_to_visited_set
  ✓ test_visiting_a1_does_not_unlock_a3
  ✓ test_visiting_planet_b_adds_to_visited_set
  ✓ test_visiting_planet_b_unlocks_a3

▶ test_processing_plant
  ✓ test_can_run_when_inputs_available
  ✓ test_cannot_run_when_inputs_missing
  ✓ test_cannot_run_when_output_buffer_full
  ✓ test_cannot_run_when_recipe_not_set
  ✓ test_collect_output_removes_from_buffer
  ✓ test_collect_output_respects_available_amount
  ✓ test_cycle_consumes_inputs
  ✓ test_cycle_emits_signal
  ✓ test_cycle_resets_progress
  ✓ test_initial_state_not_running
  ✓ test_load_input_accumulates
  ✓ test_load_input_adds_to_buffer
  ✓ test_multiple_cycles_in_sequence
  ✓ test_output_buffer_capped_at_20
  ✓ test_set_recipe_rejects_unknown_recipe
  ✓ test_set_recipe_rejects_wrong_tier
  ✓ test_set_recipe_valid_tier1
  ✓ test_start_stop_toggle_running
  ✓ test_tick_advances_progress
  ✓ test_tick_completes_cycle_at_recipe_time
  ✓ test_tick_does_nothing_when_cannot_run
  ✓ test_tick_does_nothing_when_not_running

▶ test_producer_data
  ✓ test_can_purchase_flips_off_when_maxed
  ✓ test_drone_cargo_rack_adds_capacity
  ✓ test_drone_drill_upgrade_reduces_mine_time
  ✓ test_get_drone_returns_entry
  ✓ test_get_drone_unknown_returns_empty_dict
  ✓ test_get_upgrade_and_ship_part_lookups
  ✓ test_scaling_upgrade_cost_escalates_with_purchases
  ✓ test_shop_drones_tag_each_entry_with_id
  ✓ test_shop_upgrades_tag_each_entry_with_id_and_cost

▶ test_producer_data_contracts
  ✓ test_all_drones_have_required_fields
  ✓ test_all_ship_parts_have_required_fields
  ✓ test_all_upgrades_have_required_fields
  ✓ test_drill_bit_upgrade_exists_with_correct_category
  ✓ test_fleet_license_is_bay_only
  ✓ test_fuel_cell_requires_zero_credits
  ✓ test_heavy_drone_carry_capacity_exceeds_scout
  ✓ test_heavy_drone_cost_exceeds_scout
  ✓ test_heavy_drone_uses_distinct_scene
  ✓ test_hull_plating_requires_zero_rare
  ✓ test_scout_drone_cost_is_real_value
  ✗ test_ship_part_costs_are_real_values
      └ hull_plating should require ≥ 50 common ore (real value = 80) — expected 10.0 >= 50
      └ ion_drive credits cost should be ≥ 200 (real value = 300) — expected 50.0 >= 200
  ✓ test_upgrade_carry_is_data_driven_not_hardcoded
  ✗ test_upgrade_costs_are_real_values
      └ upgrade storage_expansion cost should be > 1 (real game values) — expected 1.0 > 1

▶ test_save_manager
[SaveManager] Save files deleted.
WARNING: [SaveManager] JSON parse failed for user://save.json.
   at: push_warning (core/variant/variant_utility.cpp:1034)
   GDScript backtrace (most recent call first):
       [0] _read_slot (res://autoloads/save_manager.gd:97)
       [1] load_game (res://autoloads/save_manager.gd:54)
       [2] test_corrupted_json_does_not_crash (res://tests/unit/test_save_manager.gd:138)
       [3] _run_suite (res://tests/framework/test_runner.gd:141)
[SaveManager] Save files deleted.
  ✓ test_corrupted_json_does_not_crash
[SaveManager] Save files deleted.
[SaveManager] Save files deleted.
[SaveManager] Save files deleted.
[SaveManager] Save files deleted.
  ✓ test_delete_save_is_idempotent_when_no_files
[SaveManager] Save files deleted.
[SaveManager] Save files deleted.
[SaveManager] Save files deleted.
  ✓ test_delete_save_removes_autosave_slot
[SaveManager] Save files deleted.
[SaveManager] Saved → user://save.json
[SaveManager] Save files deleted.
[SaveManager] Save files deleted.
  ✓ test_delete_save_removes_main_slot
[SaveManager] Save files deleted.
[SaveManager] Save files deleted.
  ✓ test_has_save_false_when_no_file
[SaveManager] Save files deleted.
[SaveManager] Saved → user://save.json
[SaveManager] Save files deleted.
  ✓ test_has_save_true_after_immediate_save
[SaveManager] Save files deleted.
[SaveManager] Save files deleted.
[SaveManager] No save file — starting fresh.
[SaveManager] Save files deleted.
  ✓ test_load_game_with_no_file_leaves_state_unchanged
[SaveManager] Save files deleted.
[SaveManager] Saved → user://save.json
[SaveManager] Game loaded (v0.2).
[SaveManager] Save files deleted.
  ✓ test_save_and_load_preserves_credits
[SaveManager] Save files deleted.
[SaveManager] Saved → user://save.json
[SaveManager] Game loaded (v0.2).
[SaveManager] Save files deleted.
  ✓ test_save_and_load_preserves_current_planet
[SaveManager] Save files deleted.
[SaveManager] Saved → user://save.json
[SaveManager] Game loaded (v0.2).
[SaveManager] Save files deleted.
  ✓ test_save_and_load_preserves_inventory
[SaveManager] Save files deleted.
[SaveManager] Saved → user://save.json
[SaveManager] Game loaded (v0.2).
[SaveManager] Save files deleted.
  ✓ test_save_and_load_preserves_ship_parts
[SaveManager] Save files deleted.
[SaveManager] Saved → user://save.json
[SaveManager] Game loaded (v0.2).
[SaveManager] Save files deleted.
  ✓ test_save_and_load_preserves_storage_pool
[SaveManager] Save files deleted.
[SaveManager] Saved → user://save.json
[SaveManager] Game loaded (v0.2).
[SaveManager] Save files deleted.
  ✓ test_save_and_load_preserves_upgrades
[SaveManager] Save files deleted.
[SaveManager] Saved → user://save.json
[SaveManager] Saved → user://save.json
[SaveManager] Game loaded (v0.2).
[SaveManager] Save files deleted.
  ✓ test_save_immediate_bypasses_cooldown
[SaveManager] Save files deleted.
WARNING: [SaveManager] Version mismatch (0.1 vs expected 0.2) — wiping save.
   at: push_warning (core/variant/variant_utility.cpp:1034)
   GDScript backtrace (most recent call first):
       [0] _apply_payload (res://autoloads/save_manager.gd:108)
       [1] load_game (res://autoloads/save_manager.gd:56)
       [2] test_version_mismatch_wipes_save_file (res://tests/unit/test_save_manager.gd:123)
       [3] _run_suite (res://tests/framework/test_runner.gd:141)
[SaveManager] Save files deleted.
[SaveManager] Save files deleted.
  ✓ test_version_mismatch_wipes_save_file

[SUMMARY] passed=161 failed=3 suites=12
WARNING: 24 RIDs of type "CanvasItem" were leaked.
   at: _free_rids (servers/rendering/renderer_canvas_cull.cpp:2692)
WARNING: ObjectDB instances leaked at exit (run with --verbose for details).
   at: cleanup (core/object/object.cpp:2641)
ERROR: 1 resources still in use at exit (run with --verbose for details).
   at: clear (core/io/resource.cpp:810)
